maker=mpkmz-ecimw-7oa5f-l7lzt-sxcqu-gcfxl-fkwem-dp4y7-pmxa6-w276j-vae taker=u5whg-p6d2o-szdzz-5x5l7-njp3k-c25sd-rkp23-xjd57-fxsic-pdrsi-6qe core=jlxhj-iqaad-fdxej-mzgnq cash=qtcxb-lyaad-edjvb-ubuaq shares=pmxqt-taaad-fpq3e-4av6q flaky=uhzps-ziaac-wnrfx-zfj4a
  PASS  the core reports its own principal as the manifest cid maps it
== T1 happy path
  core holdings at the start: {'s': 0, 'c': 0, 'f': 0}
  PASS  T1 openTrade
  T1 openTrade note: "asset leg escrowed at ledger block 3" makerEscrowed=true
  PASS  T1 fundMaker reports the maker leg escrowed (inline at open, or now)
  PASS  T1 fundTaker escrowed and auto-settled
  PASS  T1 status Settled
  PASS  T1 taker received asset minus one payout fee
  PASS  T1 maker received cash minus one payout fee
  PASS  T1 core holds no residual asset or cash from the trade
  PASS  T1 receipt chain ORDER, FUND, FUND, SETTLED
  PASS  T1 audit root present
== T5 adversarial
  PASS  T5 settle again is a no-op: refused or reported already settled, and no second payment
  PASS  T5 reclaim after settle refused
  PASS  T5 settle before both escrowed refused
  PASS  T5 taker cannot fund the maker leg
== T3 abort and reclaim
  PASS  T3 maker leg escrowed
  PASS  T3 reclaim before the deadline refused
  PASS  T3 reclaim after the deadline accepted
  PASS  T3 status Aborted
  PASS  T3 maker got the asset back minus the escrow and refund fees
== T4 idempotent retry under an injected failure
  T4 fundMaker: 67_871 = 5 : nat;       3_050_377_874 = true;       3_878_592_285 = "leg escrowed; awaiting counterparty";     }   }, ) 
  T4 first attempt note: 063_776_325 = true;       2_293_067_871 = 5 : nat;       3_050_377_874 = true;       3_878_592_285 = "both legs escrowed; legA->taker paid; legB pending: ledger temporarily unavailable";     }   }, ) 
  T4 retry: aker paid; legB->maker paid";       1_513_678_431 = true;       2_293_067_871 = 5 : nat;       2_559_269_873 = 2_990 : nat;       3_729_512_818 = 1_490 : nat;       3_986_651_872 = true;     }   }, ) 
  T4 second retry: _398_258 = "already settled";       1_513_678_431 = true;       2_293_067_871 = 5 : nat;       2_559_269_873 = 2_990 : nat;       3_729_512_818 = 1_490 : nat;       3_986_651_872 = true;     }   }, ) 
  PASS  T4 status Settled after the retry
  PASS  T4 maker paid exactly once on the flaky ledger
  PASS  T4 taker received the asset exactly once
  PASS  T4 core holds no residual on the flaky ledger from the trade
  PASS  T4 no invariant violation logged
== D1 delivery accepted
  PASS  D1 openDelivery
  PASS  D1 the leg escrowed (inline at open, or now)
  PASS  D1 status Escrowed, awaiting the taker
  PASS  D1 the core holds the leg and the taker has nothing yet
  PASS  D1 the maker cannot accept its own delivery
  PASS  D1 no payout before the acceptance (the gate)
  PASS  D1 the taker accepts and the leg is paid out
  PASS  D1 status Delivered
  PASS  D1 taker received the leg minus one payout fee, once
  PASS  D1 the core released the leg
  PASS  D1 receipt chain DELIVERY, FUND, ESCROWED, ACCEPTED, DELIVERED
  PASS  D1 a second acceptance reports delivered and pays nothing
  PASS  D1 reclaim after delivery refused (INV-DEL-3)
== D2 delivery reclaimed
  PASS  D2 reclaim before the deadline refused
  PASS  D2 the long-dated delivery accepted instead
  PASS  D2 reclaim after the deadline accepted
  PASS  D2 status Reclaimed
  PASS  D2 maker got the leg back minus the escrow and refund fees
  PASS  D2 acceptance after the reclaim refused
  PASS  D2 a second reclaim reports reclaimed and returns nothing
== D3 a delivery the taker does not accept
  PASS  D3 only the named taker accepts
  PASS  D3 the probe delivery is past its deadline unfunded
  PASS  D3 acceptance past the deadline refused
  PASS  D3 the leg still in the core
  PASS  D3 the taker may reclaim to the maker
  PASS  D3 the probe reclaimed with nothing moved
  PASS  D4 no invariant violation logged across trades and deliveries
  PASS  D4 five deliveries opened in this run
== M0 wiring: engines, listing, the relayer gate
  PASS  M0a the engine's config names the core and the ledgers as the manifest maps them
  seed: next_id=1 next_seq=0 window=0 resv maker=0/0 taker=0/0
  baselines: core={'s': 2000, 'c': 0} obligations so far=0
  PASS  M0b a caller that is not the bound engine can never settleMatchFor
  PASS  M0c only the core installer may bind the relayer
  PASS  M0d the installer binds the engine and the core reports it
== M1 auction: a two-sided window against the twin
  PASS  M1a four orders accepted with exactly the twin's ids
  PASS  M1b clearWindow accepted
  PASS  M1c the clear completes (the engine's own Timer finishes the capped chunks)
  PASS  M1d the obligation schedule equals the twin's unbounded schedule, byte for byte
  PASS  M1e the book after the clear: filled, partial and resting exactly as the twin
  PASS  M1f reservations equal the twin (each fill moves the notional it consumed into its obligation's own escrow cost)
  PASS  M1g the chunk count equals the twin's arithmetic for a 2-fill cap
  PASS  M1h the engine's invariant log is empty
== M2 settlement: every obligation of the window through the core
  PASS  M2a every obligation of the window reports SETTLED with its DvP trade id
  PASS  M2b maker and taker balances moved exactly as the twin (per-fill fees included)
  PASS  M2c the core holds no residual from the matched settlements
  PASS  M2d the matchSeq round-trips to the trade and its ORDER receipt names the matchSeq
  PASS  M2e a settled obligation re-driven reports already settled and moves nothing
  PASS  M2f settleMatched on the settled window reports nothing left
== M3 chunking: a 5-ask book under the 2-fill cap, resumed by the engine alone
  PASS  M3a the first chunk reports the budget exhausted (the 2-fill cap bites)
  PASS  M3b the engine's Timer resumes and completes the clear with no battery drive
  PASS  M3c the chunk count equals the twin's arithmetic and is >= 2
  PASS  M3d the chunked schedule equals the twin's unbounded schedule (carried remainders included)
  PASS  M3e settleMatched drains the whole window in bounded inline sweeps (looped to completion, no self-message)
== M4 priority and FOK
  PASS  M4a the clear completes
  PASS  M4b the oldest resting bid fills first; the newest same-price bid gets nothing
  PASS  M4c every obligation of the priority window reports SETTLED
  PASS  M4c2 the priority window settles exact to the twin
  PASS  M4d the all-or-none ask that cannot fully fill is killed before any mutation: no cross, no fill
  PASS  M4e the kill is logged, the order Cancelled, its reservation released, the rest of the book intact
  PASS  M4f reservations after the kill equal the twin (the kill releases the notional and the fee margin both)
== M5 adversarial and the rotation
  PASS  M5a only the owner may cancel
  PASS  M5b the owner cancels and the reservation is released to the twin's number
  PASS  M5c an order of a closed window cannot be cancelled
  PASS  M5d an order beyond the caller's allowance to the core is refused at intake
  PASS  M5e an unknown seq and a zero deadline are refused
  PASS  M5f the rotation window clears one fill
  PASS  M5g rotated away, the unbound engine's settle is refused by the core and nothing moves
  PASS  M5h rotated back, the same obligation re-drives to SETTLED
  PASS  M5i balances after the rotation window exact to the twin
== M6 the autonomous drain steps over a transient refusal
  PASS  M6pre the open window holds only orders the twin knows, so this scenario gets the book it describes
  PASS  M6a the window clears exactly two cross-party fills (maker sells the first, taker the second), equal to the twin
  PASS  M6b the sweep steps over the transiently refused first fill and settles the fill behind it in one bounded sweep
  PASS  M6c the refused obligation owns a trade and is never voided (the void discipline holds under a transient refusal)
  PASS  M6d the allowance restored, the next sweep re-drives the same trade to SETTLED - nothing left unsettled
  PASS  M6e balances after the drained window exact to the twin (the interrupted escrow landed exactly once)
  PASS  M6f the core still holds no residual
== MD dust: intake floors; a boundary dust fill is voided and the drain completes
  PASS  MD0a a sell whose qty is at or below the shares ledger fee is refused at intake
  PASS  MD0b a buy whose qty is at or below the shares ledger fee is refused at intake
  PASS  MDpre the open window holds only orders the twin knows, so this scenario gets the book it describes
  PASS  MD1 the boundary window clears: three fills, exactly one at or below the shares fee, schedule equal to the twin
  PASS  MD2 the drain voids the permanently refused dust fill: recorded with its reason, no trade ever created
  PASS  MD3 the looped drain completes the window past the voided fill - nothing left unsettled (settle, void, settle)
  PASS  MD3b the two good fills settled exact to the twin; the voided fill moved nothing
  PASS  MD4 settleObligation on the voided seq reports the final resolution and creates no trade
== M7 the reservation accounting: nothing strands
  PASS  M7pre the open window holds only orders the twin knows, so this scenario gets the book it describes
  M7 baseline: maker resv=(0, 0) taker resv=(0, 0); residue of the previous accounting maker=(0, 0) taker=(0, 0)
  PASS  M7a on an emptied book the audit reconciles: no live order, no open obligation, nothing prescribed - what stands is the previous accounting's residue, measured here and not assumed
  PASS  M7b an ask reserves its qty AND the one fee its escrow costs - the leg the previous accounting missed, which admitted an ask whose escrow could only be refused
  PASS  M7c cancelling it releases the notional AND the margin: the reservation is the baseline again, to the unit (the margin used to stay for the life of the engine)
  PASS  M7d the three orders are accepted, and at intake the bid reserves its notional at its own limit plus exactly ONE escrow fee
  PASS  M7e the window clears two fills and the bid now reserves TWO escrows - one fee per fill, the second discovered at the clear where intake had reserved one
  PASS  M7f the cleared-but-unsettled obligations hold their escrow costs on both sides: what a cleared match owes is not free for another order to spend (this accounting's predecessor released it entirely at the fill)
  PASS  M7g the audit reconciles while the obligations are open: the prescription recomputed from the engine's own book and holds equals what it maintains, to the same residue
  PASS  M7h the drain settles both fills and every unit reserved comes back: the reservation is the baseline again on both sides, to the unit
  PASS  M7i the whole lifecycle left the residue of the previous accounting untouched - the strand is frozen at what it was, and this accounting never adds to it
  PASS  M7j balances after the M7 window exact to the twin
== L listing: the issuer gate, the funded check, the land collection
  PASS  L1 the gated engine refuses an unlisted market at intake
  PASS  L2a only the venue admin may authorize an issuer
  PASS  L2b the admin authorizes the issuer
  PASS  L3 a zero-supply ledger is refused as unfunded by the live cross-canister check
  PASS  L4 a caller that is not an authorized issuer may not list
  PASS  L5 the funded pair lists; tradeable; the live re-verification confirms the supply
  PASS  L6 the gated engine accepts intake once the pair is listed (and the probe order cancels clean)
  PASS  L7 delisting is admin-only, flips the gate off, and intake refuses again
  PASS  L8 a land collection is listable only once a title is minted, then tradeable
== MF finals
  PASS  MF1 both engines' invariant logs are empty (no-stranding oracle)
  PASS  MF2 no obligation of this run is left unsettled - the voided dust fill is resolved, not stranded
  PASS  MF3 the global obligation summary equals the twin to the last byte
  PASS  MF4 the core's invariant log records no violation across the matched settlements
== T2 no fork
  PASS  T2 every validator serves the same block hash and state root at height 86531386

131 passed, 0 failed
